[2025-04-13 23:01:56,599] INFO _log() L225   * Restarting with stat - call_trace=C:\Users\Magno\Documents\Projetos\venv\Lib\site-packages\werkzeug\_internal.py L225 
[2025-04-13 23:02:01,953] ERROR log_exception() L1449 Exception on /endereco [POST] - call_trace=C:\Users\Magno\Documents\Projetos\venv\Lib\site-packages\flask\app.py L1449
Traceback (most recent call last):
  File "C:\Users\Magno\Documents\Projetos\venv\Lib\site-packages\flask\app.py", line 2073, in wsgi_app
    response = self.full_dispatch_request()
  File "C:\Users\Magno\Documents\Projetos\venv\Lib\site-packages\flask\app.py", line 1519, in full_dispatch_request
    rv = self.handle_user_exception(e)
  File "C:\Users\Magno\Documents\Projetos\venv\Lib\site-packages\flask_cors\extension.py", line 165, in wrapped_function
    return cors_after_request(app.make_response(f(*args, **kwargs)))
                                                ~^^^^^^^^^^^^^^^^^
  File "C:\Users\Magno\Documents\Projetos\venv\Lib\site-packages\flask\app.py", line 1517, in full_dispatch_request
    rv = self.dispatch_request()
  File "C:\Users\Magno\Documents\Projetos\venv\Lib\site-packages\flask\app.py", line 1503, in dispatch_request
    return self.ensure_sync(self.view_functions[rule.endpoint])(**req.view_args)
           ~~~~~~~~~~~~~~~~~~~~~~~~~~~~~~~~~~~~~~~~~~~~~~~~~~~~^^^^^^^^^^^^^^^^^
  File "C:\Users\Magno\Documents\Projetos\venv\Lib\site-packages\flask_openapi3\openapi.py", line 356, in wrapper
    resp = _do_wrapper(
        func,
    ...<7 lines>...
        **kwargs
    )
  File "C:\Users\Magno\Documents\Projetos\venv\Lib\site-packages\flask_openapi3\do_wrapper.py", line 138, in _do_wrapper
    response = func(**request_kwargs)
  File "C:\Users\Magno\Documents\Projetos\pucrio-arcsoftware-back\app.py", line 46, in add_endereco
    print(responseViaCEP.cep)
          ^^^^^^^^^^^^^^^^^^
AttributeError: 'dict' object has no attribute 'cep'
[2025-04-13 23:02:30,108] INFO _log() L225   * Restarting with stat - call_trace=C:\Users\Magno\Documents\Projetos\venv\Lib\site-packages\werkzeug\_internal.py L225 
[2025-04-13 23:05:38,796] INFO _log() L225   * Restarting with stat - call_trace=C:\Users\Magno\Documents\Projetos\venv\Lib\site-packages\werkzeug\_internal.py L225 
[2025-04-13 23:06:02,250] INFO _log() L225   * Restarting with stat - call_trace=C:\Users\Magno\Documents\Projetos\venv\Lib\site-packages\werkzeug\_internal.py L225 
[2025-04-13 23:07:10,011] INFO _log() L225   * Restarting with stat - call_trace=C:\Users\Magno\Documents\Projetos\venv\Lib\site-packages\werkzeug\_internal.py L225 
[2025-04-13 23:07:13,294] INFO _log() L225   * Restarting with stat - call_trace=C:\Users\Magno\Documents\Projetos\venv\Lib\site-packages\werkzeug\_internal.py L225 
